2026-04-06 16:37:11.832 [main] INFO  testCases.TC001_AccountRegistrationTest - **************clicked on MyAccount ************
2026-04-06 16:37:14.693 [main] INFO  testCases.TC001_AccountRegistrationTest - **************clicked on MyAccount ************
2026-04-06 16:37:14.697 [main] INFO  testCases.TC001_AccountRegistrationTest - **************providing customer details ************
2026-04-06 16:37:21.532 [main] ERROR testCases.TC001_AccountRegistrationTest - Test Failed
2026-04-06 16:37:21.532 [main] DEBUG testCases.TC001_AccountRegistrationTest - Debug logs..
2026-04-06 16:48:13.790 [main] INFO  testCases.TC001_AccountRegistrationTest - **************starting  TC001_AccountRegistrationTest ************
2026-04-06 16:48:13.927 [main] INFO  testCases.TC001_AccountRegistrationTest - **************clicked on MyAccount ************
2026-04-06 16:48:15.372 [main] INFO  testCases.TC001_AccountRegistrationTest - **************clicked on MyAccount ************
2026-04-06 16:48:15.374 [main] INFO  testCases.TC001_AccountRegistrationTest - **************providing customer details ************
2026-04-06 16:48:22.294 [main] ERROR testCases.TC001_AccountRegistrationTest - Test Failed
2026-04-06 16:48:22.294 [main] DEBUG testCases.TC001_AccountRegistrationTest - Debug logs..
2026-04-06 16:51:49.795 [main] INFO  testCases.TC001_AccountRegistrationTest - **************starting  TC001_AccountRegistrationTest ************
2026-04-06 16:51:49.904 [main] INFO  testCases.TC001_AccountRegistrationTest - **************clicked on MyAccount ************
2026-04-06 16:51:51.857 [main] INFO  testCases.TC001_AccountRegistrationTest - **************clicked on MyAccount ************
2026-04-06 16:51:51.862 [main] INFO  testCases.TC001_AccountRegistrationTest - **************providing customer details ************
2026-04-06 16:51:58.697 [main] ERROR testCases.TC001_AccountRegistrationTest - Test Failed
2026-04-06 16:51:58.697 [main] DEBUG testCases.TC001_AccountRegistrationTest - Debug logs..
2026-04-06 16:53:35.658 [main] INFO  testCases.TC001_AccountRegistrationTest - **************starting  TC001_AccountRegistrationTest ************
2026-04-06 16:53:35.779 [main] INFO  testCases.TC001_AccountRegistrationTest - **************clicked on MyAccount ************
2026-04-06 16:53:37.797 [main] INFO  testCases.TC001_AccountRegistrationTest - **************clicked on MyAccount ************
2026-04-06 16:53:37.803 [main] INFO  testCases.TC001_AccountRegistrationTest - **************providing customer details ************
2026-04-06 16:53:47.742 [main] ERROR testCases.TC001_AccountRegistrationTest - Test Failed
2026-04-06 16:53:47.742 [main] DEBUG testCases.TC001_AccountRegistrationTest - Debug logs..
2026-04-06 16:56:01.739 [main] INFO  testCases.TC001_AccountRegistrationTest - **************starting  TC001_AccountRegistrationTest ************
2026-04-06 16:56:01.840 [main] INFO  testCases.TC001_AccountRegistrationTest - **************clicked on MyAccount ************
2026-04-06 16:56:04.083 [main] INFO  testCases.TC001_AccountRegistrationTest - **************clicked on MyAccount ************
2026-04-06 16:56:04.085 [main] INFO  testCases.TC001_AccountRegistrationTest - **************providing customer details ************
2026-04-06 16:56:16.972 [main] INFO  testCases.TC001_AccountRegistrationTest - ************** validating expected message ************
2026-04-06 16:58:58.090 [main] INFO  testCases.TC001_AccountRegistrationTest - **************starting  TC001_AccountRegistrationTest ************
2026-04-06 16:58:58.182 [main] INFO  testCases.TC001_AccountRegistrationTest - **************clicked on MyAccount ************
2026-04-06 16:59:00.540 [main] INFO  testCases.TC001_AccountRegistrationTest - **************clicked on MyAccount ************
2026-04-06 16:59:00.546 [main] INFO  testCases.TC001_AccountRegistrationTest - **************providing customer details ************
2026-04-06 16:59:12.711 [main] INFO  testCases.TC001_AccountRegistrationTest - ************** validating expected message ************
2026-04-06 17:02:51.036 [main] INFO  testCases.TC001_AccountRegistrationTest - **************starting  TC001_AccountRegistrationTest ************
